18:14:24 **** Build of configuration Debug for project Day9_1 ****
make -j8 all 
arm-none-eabi-gcc -mcpu=cortex-m4 -g3 -DDEBUG -c -x assembler-with-cpp -MMD -MP -MF"Startup/startup_stm32f407vgtx.d" -MT"Startup/startup_stm32f407vgtx.o" --specs=nano.specs -mfpu=fpv4-sp-d16 -mfloat-abi=hard -mthumb -o "Startup/startup_stm32f407vgtx.o" "../Startup/startup_stm32f407vgtx.s"
arm-none-eabi-gcc "../Src/itm.c" -mcpu=cortex-m4 -std=gnu11 -g3 -DDEBUG -DSTM32 -DSTM32F407G_DISC1 -DSTM32F4 -DSTM32F407VGTx -c -I../Inc -O0 -ffunction-sections -fdata-sections -Wall -fstack-usage -fcyclomatic-complexity -MMD -MP -MF"Src/itm.d" -MT"Src/itm.o" --specs=nano.specs -mfpu=fpv4-sp-d16 -mfloat-abi=hard -mthumb -o "Src/itm.o"
arm-none-eabi-gcc "../Src/lis3dsh.c" -mcpu=cortex-m4 -std=gnu11 -g3 -DDEBUG -DSTM32 -DSTM32F407G_DISC1 -DSTM32F4 -DSTM32F407VGTx -c -I../Inc -O0 -ffunction-sections -fdata-sections -Wall -fstack-usage -fcyclomatic-complexity -MMD -MP -MF"Src/lis3dsh.d" -MT"Src/lis3dsh.o" --specs=nano.specs -mfpu=fpv4-sp-d16 -mfloat-abi=hard -mthumb -o "Src/lis3dsh.o"
arm-none-eabi-gcc "../Src/main.c" -mcpu=cortex-m4 -std=gnu11 -g3 -DDEBUG -DSTM32 -DSTM32F407G_DISC1 -DSTM32F4 -DSTM32F407VGTx -c -I../Inc -O0 -ffunction-sections -fdata-sections -Wall -fstack-usage -fcyclomatic-complexity -MMD -MP -MF"Src/main.d" -MT"Src/main.o" --specs=nano.specs -mfpu=fpv4-sp-d16 -mfloat-abi=hard -mthumb -o "Src/main.o"
arm-none-eabi-gcc "../Src/spi.c" -mcpu=cortex-m4 -std=gnu11 -g3 -DDEBUG -DSTM32 -DSTM32F407G_DISC1 -DSTM32F4 -DSTM32F407VGTx -c -I../Inc -O0 -ffunction-sections -fdata-sections -Wall -fstack-usage -fcyclomatic-complexity -MMD -MP -MF"Src/spi.d" -MT"Src/spi.o" --specs=nano.specs -mfpu=fpv4-sp-d16 -mfloat-abi=hard -mthumb -o "Src/spi.o"
arm-none-eabi-gcc "../Src/syscalls.c" -mcpu=cortex-m4 -std=gnu11 -g3 -DDEBUG -DSTM32 -DSTM32F407G_DISC1 -DSTM32F4 -DSTM32F407VGTx -c -I../Inc -O0 -ffunction-sections -fdata-sections -Wall -fstack-usage -fcyclomatic-complexity -MMD -MP -MF"Src/syscalls.d" -MT"Src/syscalls.o" --specs=nano.specs -mfpu=fpv4-sp-d16 -mfloat-abi=hard -mthumb -o "Src/syscalls.o"
arm-none-eabi-gcc "../Src/sysmem.c" -mcpu=cortex-m4 -std=gnu11 -g3 -DDEBUG -DSTM32 -DSTM32F407G_DISC1 -DSTM32F4 -DSTM32F407VGTx -c -I../Inc -O0 -ffunction-sections -fdata-sections -Wall -fstack-usage -fcyclomatic-complexity -MMD -MP -MF"Src/sysmem.d" -MT"Src/sysmem.o" --specs=nano.specs -mfpu=fpv4-sp-d16 -mfloat-abi=hard -mthumb -o "Src/sysmem.o"
arm-none-eabi-gcc "../Src/system_stm32f4xx.c" -mcpu=cortex-m4 -std=gnu11 -g3 -DDEBUG -DSTM32 -DSTM32F407G_DISC1 -DSTM32F4 -DSTM32F407VGTx -c -I../Inc -O0 -ffunction-sections -fdata-sections -Wall -fstack-usage -fcyclomatic-complexity -MMD -MP -MF"Src/system_stm32f4xx.d" -MT"Src/system_stm32f4xx.o" --specs=nano.specs -mfpu=fpv4-sp-d16 -mfloat-abi=hard -mthumb -o "Src/system_stm32f4xx.o"
arm-none-eabi-gcc "../Src/uart.c" -mcpu=cortex-m4 -std=gnu11 -g3 -DDEBUG -DSTM32 -DSTM32F407G_DISC1 -DSTM32F4 -DSTM32F407VGTx -c -I../Inc -O0 -ffunction-sections -fdata-sections -Wall -fstack-usage -fcyclomatic-complexity -MMD -MP -MF"Src/uart.d" -MT"Src/uart.o" --specs=nano.specs -mfpu=fpv4-sp-d16 -mfloat-abi=hard -mthumb -o "Src/uart.o"
../Src/main.c:28:4: warning: #warning "FPU is not initialized, but the project is compiling for an FPU. Please initialize the FPU before use." [-Wcpp]
   28 |   #warning "FPU is not initialized, but the project is compiling for an FPU. Please initialize the FPU before use."
      |    ^~~~~~~
arm-none-eabi-gcc -o "Day9_1.elf" @"objects.list"   -mcpu=cortex-m4 -T"/home/parag/mcpi_assignments/Day9_1/STM32F407VGTX_FLASH.ld" --specs=nosys.specs -Wl,-Map="Day9_1.map" -Wl,--gc-sections -static --specs=nano.specs -mfpu=fpv4-sp-d16 -mfloat-abi=hard -mthumb -Wl,--start-group -lc -lm -Wl,--end-group
Finished building target: Day9_1.elf
 
arm-none-eabi-size  Day9_1.elf 
arm-none-eabi-objdump -h -S Day9_1.elf  > "Day9_1.list"
   text	   data	    bss	    dec	    hex	filename
   4708	     84	   1900	   6692	   1a24	Day9_1.elf
Finished building: default.size.stdout
 
Finished building: Day9_1.list
 
18:15:02 **** Incremental Build of configuration Debug for project Day03_1 ****
make -j8 all 
arm-none-eabi-gcc "../Src/led.c" -mcpu=cortex-m4 -std=gnu11 -g3 -DDEBUG -DSTM32 -DSTM32F407G_DISC1 -DSTM32F4 -DSTM32F407VGTx -c -I../Inc -O0 -ffunction-sections -fdata-sections -Wall -fstack-usage -fcyclomatic-complexity -MMD -MP -MF"Src/led.d" -MT"Src/led.o" --specs=nano.specs -mfpu=fpv4-sp-d16 -mfloat-abi=hard -mthumb -o "Src/led.o"
In file included from ../Src/led.c:9:
../Src/led.c: In function 'LedOn':
../Src/led.c:27:29: error: 'p' undeclared (first use in this function)
   27 |         LED_GPIO->ODR |= BV(p              in);
      |                             ^
../Inc/stm32f4xx.h:228:26: note: in definition of macro 'BV'
  228 | #define BV(n)     (1 << (n))
      |                          ^
../Src/led.c:27:29: note: each undeclared identifier is reported only once for each function it appears in
   27 |         LED_GPIO->ODR |= BV(p              in);
      |                             ^
../Inc/stm32f4xx.h:228:26: note: in definition of macro 'BV'
  228 | #define BV(n)     (1 << (n))
      |                          ^
../Src/led.c:27:44: error: expected ')' before 'in'
   27 |         LED_GPIO->ODR |= BV(p              in);
      |                                            ^~
../Inc/stm32f4xx.h:228:26: note: in definition of macro 'BV'
  228 | #define BV(n)     (1 << (n))
      |                          ^
../Inc/stm32f4xx.h:228:25: note: to match this '('
  228 | #define BV(n)     (1 << (n))
      |                         ^
../Src/led.c:27:26: note: in expansion of macro 'BV'
   27 |         LED_GPIO->ODR |= BV(p              in);
      |                          ^~
make: *** [Src/subdir.mk:34: Src/led.o] Error 1
"make -j8 all" terminated with exit code 2. Build might be incomplete.
18:15:02 **** Incremental Build of configuration Debug for project Day03_2 ****
make -j8 all 
arm-none-eabi-size  Day03_2.elf 
   text	   data	    bss	    dec	    hex	filename
   1196	      4	   1564	   2764	    acc	Day03_2.elf
Finished building: default.size.stdout
 
18:15:03 **** Incremental Build of configuration Debug for project Day04_1 ****
make -j8 all 
arm-none-eabi-size  Day04_1.elf 
   text	   data	    bss	    dec	    hex	filename
   1540	      4	   1564	   3108	    c24	Day04_1.elf
Finished building: default.size.stdout
 
18:15:03 **** Incremental Build of configuration Debug for project Day7_1 ****
make -j8 all 
arm-none-eabi-size  Day7_1.elf 
   text	   data	    bss	    dec	    hex	filename
   4064	     80	   1904	   6048	   17a0	Day7_1.elf
Finished building: default.size.stdout
 
18:15:03 **** Incremental Build of configuration Debug for project Day8_1 ****
make -j8 all 
arm-none-eabi-gcc "../Src/i2c.c" -mcpu=cortex-m4 -std=gnu11 -g3 -DDEBUG -DSTM32 -DSTM32F407G_DISC1 -DSTM32F4 -DSTM32F407VGTx -c -I../Inc -O0 -ffunction-sections -fdata-sections -Wall -fstack-usage -fcyclomatic-complexity -MMD -MP -MF"Src/i2c.d" -MT"Src/i2c.o" --specs=nano.specs -mfpu=fpv4-sp-d16 -mfloat-abi=hard -mthumb -o "Src/i2c.o"
../Src/i2c.c: In function 'I2C_Init':
../Src/i2c.c:21:33: error: 'I2C1_SDA' undeclared (first use in this function); did you mean 'I2C2_SDA'?
   21 |         GPIOB->MODER &= ~(3U << I2C1_SDA*2);
      |                                 ^~~~~~~~
      |                                 I2C2_SDA
../Src/i2c.c:21:33: note: each undeclared identifier is reported only once for each function it appears in
../Src/i2c.c:23:9: error: 'GPIO' undeclared (first use in this function); did you mean 'GPIOF'?
   23 |         GPIO->OTYPER |= (1U << I2C1_SDA);
      |         ^~~~
      |         GPIOF
../Src/i2c.c:38:28: error: 'I2C_CR1_ACK_POs' undeclared (first use in this function); did you mean 'I2C_CR1_ACK_Pos'?
   38 |         I2C1->CR1 |= (1 << I2C_CR1_ACK_POs);
      |                            ^~~~~~~~~~~~~~~
      |                            I2C_CR1_ACK_Pos
../Src/i2c.c:41:29: error: 'I2C_CCR_Pos' undeclared (first use in this function); did you mean 'I2C_CCR_FS'?
   41 |         I2C1->CCR |= (80 << I2C_CCR_Pos);
      |                             ^~~~~~~~~~~
      |                             I2C_CCR_FS
../Src/i2c.c:43:31: error: 'I2C' undeclared (first use in this function); did you mean 'I2C1'?
   43 |         I2C1->TRISE |= (17 << I2C-TRISE_TRISE_POS);
      |                               ^~~
      |                               I2C1
../Src/i2c.c:43:35: error: 'TRISE_TRISE_POS' undeclared (first use in this function); did you mean 'I2C_TRISE_TRISE_Pos'?
   43 |         I2C1->TRISE |= (17 << I2C-TRISE_TRISE_POS);
      |                                   ^~~~~~~~~~~~~~~
      |                                   I2C_TRISE_TRISE_Pos
../Src/i2c.c: In function 'I2C_SendSlaveAddres':
../Src/i2c.c:51:17: error: 'Slaveaddr' undeclared (first use in this function); did you mean 'slaveaddr'?
   51 |      I2C1->DR = Slaveaddr;
      |                 ^~~~~~~~~
      |                 slaveaddr
../Src/i2c.c:52:14: error: 'I2C1SR1' undeclared (first use in this function); did you mean 'I2C1'?
   52 |      while(!(I2C1SR1 & I2C_SR1_ADDR));
      |              ^~~~~~~
      |              I2C1
../Src/i2c.c: In function 'I2C_Restart':
../Src/i2c.c:73:9: warning: implicit declaration of function 'I2CStart'; did you mean 'I2C_Start'? [-Wimplicit-function-declaration]
   73 |         I2CStart();
      |         ^~~~~~~~
      |         I2C_Start
../Src/i2c.c: In function 'I2C_RecvDataAck':
../Src/i2c.c:83:16: warning: 'return' with a value, in function returning void [-Wreturn-type]
   83 |         return val;
      |                ^~~
../Src/i2c.c:77:6: note: declared here
   77 | void I2C_RecvDataAck()
      |      ^~~~~~~~~~~~~~~
../Src/i2c.c: At top level:
../Src/i2c.c:98:6: warning: conflicting types for 'I2CStart'; have 'void()'
   98 | void I2CStart()
      |      ^~~~~~~~
../Src/i2c.c:73:9: note: previous implicit declaration of 'I2CStart' with type 'void()'
   73 |         I2CStart();
      |         ^~~~~~~~
../Src/i2c.c: In function 'I2C_SendSlaveAddres':
../Src/i2c.c:56:1: warning: control reaches end of non-void function [-Wreturn-type]
   56 | }
      | ^
../Src/i2c.c: In function 'I2C_SendData':
../Src/i2c.c:63:1: warning: control reaches end of non-void function [-Wreturn-type]
   63 | }
      | ^
make: *** [Src/subdir.mk:37: Src/i2c.o] Error 1
"make -j8 all" terminated with exit code 2. Build might be incomplete.
18:15:03 **** Incremental Build of configuration Debug for project Day9_1 ****
make -j8 all 
arm-none-eabi-size  Day9_1.elf 
   text	   data	    bss	    dec	    hex	filename
   4708	     84	   1900	   6692	   1a24	Day9_1.elf
Finished building: default.size.stdout
 
18:21:41 **** Incremental Build of configuration Debug for project Day03_1 ****
make -j8 all 
arm-none-eabi-gcc "../Src/led.c" -mcpu=cortex-m4 -std=gnu11 -g3 -DDEBUG -DSTM32 -DSTM32F407G_DISC1 -DSTM32F4 -DSTM32F407VGTx -c -I../Inc -O0 -ffunction-sections -fdata-sections -Wall -fstack-usage -fcyclomatic-complexity -MMD -MP -MF"Src/led.d" -MT"Src/led.o" --specs=nano.specs -mfpu=fpv4-sp-d16 -mfloat-abi=hard -mthumb -o "Src/led.o"
In file included from ../Src/led.c:9:
../Src/led.c: In function 'LedOn':
../Src/led.c:27:29: error: 'p' undeclared (first use in this function)
   27 |         LED_GPIO->ODR |= BV(p              in);
      |                             ^
../Inc/stm32f4xx.h:228:26: note: in definition of macro 'BV'
  228 | #define BV(n)     (1 << (n))
      |                          ^
../Src/led.c:27:29: note: each undeclared identifier is reported only once for each function it appears in
   27 |         LED_GPIO->ODR |= BV(p              in);
      |                             ^
../Inc/stm32f4xx.h:228:26: note: in definition of macro 'BV'
  228 | #define BV(n)     (1 << (n))
      |                          ^
../Src/led.c:27:44: error: expected ')' before 'in'
   27 |         LED_GPIO->ODR |= BV(p              in);
      |                                            ^~
../Inc/stm32f4xx.h:228:26: note: in definition of macro 'BV'
  228 | #define BV(n)     (1 << (n))
      |                          ^
../Inc/stm32f4xx.h:228:25: note: to match this '('
  228 | #define BV(n)     (1 << (n))
      |                         ^
../Src/led.c:27:26: note: in expansion of macro 'BV'
   27 |         LED_GPIO->ODR |= BV(p              in);
      |                          ^~
make: *** [Src/subdir.mk:34: Src/led.o] Error 1
"make -j8 all" terminated with exit code 2. Build might be incomplete.
18:21:41 **** Incremental Build of configuration Debug for project Day03_2 ****
make -j8 all 
arm-none-eabi-size  Day03_2.elf 
   text	   data	    bss	    dec	    hex	filename
   1196	      4	   1564	   2764	    acc	Day03_2.elf
Finished building: default.size.stdout
 
18:21:41 **** Incremental Build of configuration Debug for project Day04_1 ****
make -j8 all 
arm-none-eabi-size  Day04_1.elf 
   text	   data	    bss	    dec	    hex	filename
   1540	      4	   1564	   3108	    c24	Day04_1.elf
Finished building: default.size.stdout
 
18:21:41 **** Incremental Build of configuration Debug for project Day7_1 ****
make -j8 all 
arm-none-eabi-size  Day7_1.elf 
   text	   data	    bss	    dec	    hex	filename
   4064	     80	   1904	   6048	   17a0	Day7_1.elf
Finished building: default.size.stdout
 
18:21:41 **** Incremental Build of configuration Debug for project Day8_1 ****
make -j8 all 
arm-none-eabi-gcc "../Src/i2c.c" -mcpu=cortex-m4 -std=gnu11 -g3 -DDEBUG -DSTM32 -DSTM32F407G_DISC1 -DSTM32F4 -DSTM32F407VGTx -c -I../Inc -O0 -ffunction-sections -fdata-sections -Wall -fstack-usage -fcyclomatic-complexity -MMD -MP -MF"Src/i2c.d" -MT"Src/i2c.o" --specs=nano.specs -mfpu=fpv4-sp-d16 -mfloat-abi=hard -mthumb -o "Src/i2c.o"
../Src/i2c.c: In function 'I2C_Init':
../Src/i2c.c:21:33: error: 'I2C1_SDA' undeclared (first use in this function); did you mean 'I2C2_SDA'?
   21 |         GPIOB->MODER &= ~(3U << I2C1_SDA*2);
      |                                 ^~~~~~~~
      |                                 I2C2_SDA
../Src/i2c.c:21:33: note: each undeclared identifier is reported only once for each function it appears in
../Src/i2c.c:23:9: error: 'GPIO' undeclared (first use in this function); did you mean 'GPIOF'?
   23 |         GPIO->OTYPER |= (1U << I2C1_SDA);
      |         ^~~~
      |         GPIOF
../Src/i2c.c:38:28: error: 'I2C_CR1_ACK_POs' undeclared (first use in this function); did you mean 'I2C_CR1_ACK_Pos'?
   38 |         I2C1->CR1 |= (1 << I2C_CR1_ACK_POs);
      |                            ^~~~~~~~~~~~~~~
      |                            I2C_CR1_ACK_Pos
../Src/i2c.c:41:29: error: 'I2C_CCR_Pos' undeclared (first use in this function); did you mean 'I2C_CCR_FS'?
   41 |         I2C1->CCR |= (80 << I2C_CCR_Pos);
      |                             ^~~~~~~~~~~
      |                             I2C_CCR_FS
../Src/i2c.c:43:31: error: 'I2C' undeclared (first use in this function); did you mean 'I2C1'?
   43 |         I2C1->TRISE |= (17 << I2C-TRISE_TRISE_POS);
      |                               ^~~
      |                               I2C1
../Src/i2c.c:43:35: error: 'TRISE_TRISE_POS' undeclared (first use in this function); did you mean 'I2C_TRISE_TRISE_Pos'?
   43 |         I2C1->TRISE |= (17 << I2C-TRISE_TRISE_POS);
      |                                   ^~~~~~~~~~~~~~~
      |                                   I2C_TRISE_TRISE_Pos
../Src/i2c.c: In function 'I2C_SendSlaveAddres':
../Src/i2c.c:51:17: error: 'Slaveaddr' undeclared (first use in this function); did you mean 'slaveaddr'?
   51 |      I2C1->DR = Slaveaddr;
      |                 ^~~~~~~~~
      |                 slaveaddr
../Src/i2c.c:52:14: error: 'I2C1SR1' undeclared (first use in this function); did you mean 'I2C1'?
   52 |      while(!(I2C1SR1 & I2C_SR1_ADDR));
      |              ^~~~~~~
      |              I2C1
../Src/i2c.c: In function 'I2C_Restart':
../Src/i2c.c:73:9: warning: implicit declaration of function 'I2CStart'; did you mean 'I2C_Start'? [-Wimplicit-function-declaration]
   73 |         I2CStart();
      |         ^~~~~~~~
      |         I2C_Start
../Src/i2c.c: In function 'I2C_RecvDataAck':
../Src/i2c.c:83:16: warning: 'return' with a value, in function returning void [-Wreturn-type]
   83 |         return val;
      |                ^~~
../Src/i2c.c:77:6: note: declared here
   77 | void I2C_RecvDataAck()
      |      ^~~~~~~~~~~~~~~
../Src/i2c.c: At top level:
../Src/i2c.c:98:6: warning: conflicting types for 'I2CStart'; have 'void()'
   98 | void I2CStart()
      |      ^~~~~~~~
../Src/i2c.c:73:9: note: previous implicit declaration of 'I2CStart' with type 'void()'
   73 |         I2CStart();
      |         ^~~~~~~~
../Src/i2c.c: In function 'I2C_SendSlaveAddres':
../Src/i2c.c:56:1: warning: control reaches end of non-void function [-Wreturn-type]
   56 | }
      | ^
../Src/i2c.c: In function 'I2C_SendData':
../Src/i2c.c:63:1: warning: control reaches end of non-void function [-Wreturn-type]
   63 | }
      | ^
make: *** [Src/subdir.mk:37: Src/i2c.o] Error 1
"make -j8 all" terminated with exit code 2. Build might be incomplete.
18:21:41 **** Incremental Build of configuration Debug for project Day9_1 ****
make -j8 all 
arm-none-eabi-size  Day9_1.elf 
   text	   data	    bss	    dec	    hex	filename
   4708	     84	   1900	   6692	   1a24	Day9_1.elf
Finished building: default.size.stdout
 
18:22:01 **** Incremental Build of configuration Debug for project Day03_1 ****
make -j8 all 
arm-none-eabi-gcc "../Src/led.c" -mcpu=cortex-m4 -std=gnu11 -g3 -DDEBUG -DSTM32 -DSTM32F407G_DISC1 -DSTM32F4 -DSTM32F407VGTx -c -I../Inc -O0 -ffunction-sections -fdata-sections -Wall -fstack-usage -fcyclomatic-complexity -MMD -MP -MF"Src/led.d" -MT"Src/led.o" --specs=nano.specs -mfpu=fpv4-sp-d16 -mfloat-abi=hard -mthumb -o "Src/led.o"
In file included from ../Src/led.c:9:
../Src/led.c: In function 'LedOn':
../Src/led.c:27:29: error: 'p' undeclared (first use in this function)
   27 |         LED_GPIO->ODR |= BV(p              in);
      |                             ^
../Inc/stm32f4xx.h:228:26: note: in definition of macro 'BV'
  228 | #define BV(n)     (1 << (n))
      |                          ^
../Src/led.c:27:29: note: each undeclared identifier is reported only once for each function it appears in
   27 |         LED_GPIO->ODR |= BV(p              in);
      |                             ^
../Inc/stm32f4xx.h:228:26: note: in definition of macro 'BV'
  228 | #define BV(n)     (1 << (n))
      |                          ^
../Src/led.c:27:44: error: expected ')' before 'in'
   27 |         LED_GPIO->ODR |= BV(p              in);
      |                                            ^~
../Inc/stm32f4xx.h:228:26: note: in definition of macro 'BV'
  228 | #define BV(n)     (1 << (n))
      |                          ^
../Inc/stm32f4xx.h:228:25: note: to match this '('
  228 | #define BV(n)     (1 << (n))
      |                         ^
../Src/led.c:27:26: note: in expansion of macro 'BV'
   27 |         LED_GPIO->ODR |= BV(p              in);
      |                          ^~
make: *** [Src/subdir.mk:34: Src/led.o] Error 1
"make -j8 all" terminated with exit code 2. Build might be incomplete.
18:22:22 **** Incremental Build of configuration Debug for project Day03_1 ****
make -j8 all 
arm-none-eabi-gcc "../Src/led.c" -mcpu=cortex-m4 -std=gnu11 -g3 -DDEBUG -DSTM32 -DSTM32F407G_DISC1 -DSTM32F4 -DSTM32F407VGTx -c -I../Inc -O0 -ffunction-sections -fdata-sections -Wall -fstack-usage -fcyclomatic-complexity -MMD -MP -MF"Src/led.d" -MT"Src/led.o" --specs=nano.specs -mfpu=fpv4-sp-d16 -mfloat-abi=hard -mthumb -o "Src/led.o"
In file included from ../Src/led.c:9:
../Src/led.c: In function 'LedOn':
../Src/led.c:27:29: error: 'p' undeclared (first use in this function)
   27 |         LED_GPIO->ODR |= BV(p              in);
      |                             ^
../Inc/stm32f4xx.h:228:26: note: in definition of macro 'BV'
  228 | #define BV(n)     (1 << (n))
      |                          ^
../Src/led.c:27:29: note: each undeclared identifier is reported only once for each function it appears in
   27 |         LED_GPIO->ODR |= BV(p              in);
      |                             ^
../Inc/stm32f4xx.h:228:26: note: in definition of macro 'BV'
  228 | #define BV(n)     (1 << (n))
      |                          ^
../Src/led.c:27:44: error: expected ')' before 'in'
   27 |         LED_GPIO->ODR |= BV(p              in);
      |                                            ^~
../Inc/stm32f4xx.h:228:26: note: in definition of macro 'BV'
  228 | #define BV(n)     (1 << (n))
      |                          ^
../Inc/stm32f4xx.h:228:25: note: to match this '('
  228 | #define BV(n)     (1 << (n))
      |                         ^
../Src/led.c:27:26: note: in expansion of macro 'BV'
   27 |         LED_GPIO->ODR |= BV(p              in);
      |                          ^~
make: *** [Src/subdir.mk:34: Src/led.o] Error 1
"make -j8 all" terminated with exit code 2. Build might be incomplete.
18:23:16 **** Incremental Build of configuration Debug for project Day03_1 ****
make -j8 all 
arm-none-eabi-gcc "../Src/led.c" -mcpu=cortex-m4 -std=gnu11 -g3 -DDEBUG -DSTM32 -DSTM32F407G_DISC1 -DSTM32F4 -DSTM32F407VGTx -c -I../Inc -O0 -ffunction-sections -fdata-sections -Wall -fstack-usage -fcyclomatic-complexity -MMD -MP -MF"Src/led.d" -MT"Src/led.o" --specs=nano.specs -mfpu=fpv4-sp-d16 -mfloat-abi=hard -mthumb -o "Src/led.o"
In file included from ../Src/led.c:9:
../Src/led.c: In function 'LedOn':
../Src/led.c:27:29: error: 'p' undeclared (first use in this function)
   27 |         LED_GPIO->ODR |= BV(p              in);
      |                             ^
../Inc/stm32f4xx.h:228:26: note: in definition of macro 'BV'
  228 | #define BV(n)     (1 << (n))
      |                          ^
../Src/led.c:27:29: note: each undeclared identifier is reported only once for each function it appears in
   27 |         LED_GPIO->ODR |= BV(p              in);
      |                             ^
../Inc/stm32f4xx.h:228:26: note: in definition of macro 'BV'
  228 | #define BV(n)     (1 << (n))
      |                          ^
../Src/led.c:27:44: error: expected ')' before 'in'
   27 |         LED_GPIO->ODR |= BV(p              in);
      |                                            ^~
../Inc/stm32f4xx.h:228:26: note: in definition of macro 'BV'
  228 | #define BV(n)     (1 << (n))
      |                          ^
../Inc/stm32f4xx.h:228:25: note: to match this '('
  228 | #define BV(n)     (1 << (n))
      |                         ^
../Src/led.c:27:26: note: in expansion of macro 'BV'
   27 |         LED_GPIO->ODR |= BV(p              in);
      |                          ^~
make: *** [Src/subdir.mk:34: Src/led.o] Error 1
"make -j8 all" terminated with exit code 2. Build might be incomplete.
18:23:16 **** Incremental Build of configuration Debug for project Day03_2 ****
make -j8 all 
arm-none-eabi-size  Day03_2.elf 
   text	   data	    bss	    dec	    hex	filename
   1196	      4	   1564	   2764	    acc	Day03_2.elf
Finished building: default.size.stdout
 
18:23:17 **** Incremental Build of configuration Debug for project Day04_1 ****
make -j8 all 
arm-none-eabi-size  Day04_1.elf 
   text	   data	    bss	    dec	    hex	filename
   1540	      4	   1564	   3108	    c24	Day04_1.elf
Finished building: default.size.stdout
 
18:23:17 **** Incremental Build of configuration Debug for project Day7_1 ****
make -j8 all 
arm-none-eabi-size  Day7_1.elf 
   text	   data	    bss	    dec	    hex	filename
   4064	     80	   1904	   6048	   17a0	Day7_1.elf
Finished building: default.size.stdout
 
18:23:17 **** Incremental Build of configuration Debug for project Day8_1 ****
make -j8 all 
arm-none-eabi-gcc "../Src/i2c.c" -mcpu=cortex-m4 -std=gnu11 -g3 -DDEBUG -DSTM32 -DSTM32F407G_DISC1 -DSTM32F4 -DSTM32F407VGTx -c -I../Inc -O0 -ffunction-sections -fdata-sections -Wall -fstack-usage -fcyclomatic-complexity -MMD -MP -MF"Src/i2c.d" -MT"Src/i2c.o" --specs=nano.specs -mfpu=fpv4-sp-d16 -mfloat-abi=hard -mthumb -o "Src/i2c.o"
../Src/i2c.c: In function 'I2C_Init':
../Src/i2c.c:21:33: error: 'I2C1_SDA' undeclared (first use in this function); did you mean 'I2C2_SDA'?
   21 |         GPIOB->MODER &= ~(3U << I2C1_SDA*2);
      |                                 ^~~~~~~~
      |                                 I2C2_SDA
../Src/i2c.c:21:33: note: each undeclared identifier is reported only once for each function it appears in
../Src/i2c.c:23:9: error: 'GPIO' undeclared (first use in this function); did you mean 'GPIOF'?
   23 |         GPIO->OTYPER |= (1U << I2C1_SDA);
      |         ^~~~
      |         GPIOF
../Src/i2c.c:38:28: error: 'I2C_CR1_ACK_POs' undeclared (first use in this function); did you mean 'I2C_CR1_ACK_Pos'?
   38 |         I2C1->CR1 |= (1 << I2C_CR1_ACK_POs);
      |                            ^~~~~~~~~~~~~~~
      |                            I2C_CR1_ACK_Pos
../Src/i2c.c:41:29: error: 'I2C_CCR_Pos' undeclared (first use in this function); did you mean 'I2C_CCR_FS'?
   41 |         I2C1->CCR |= (80 << I2C_CCR_Pos);
      |                             ^~~~~~~~~~~
      |                             I2C_CCR_FS
../Src/i2c.c:43:31: error: 'I2C' undeclared (first use in this function); did you mean 'I2C1'?
   43 |         I2C1->TRISE |= (17 << I2C-TRISE_TRISE_POS);
      |                               ^~~
      |                               I2C1
../Src/i2c.c:43:35: error: 'TRISE_TRISE_POS' undeclared (first use in this function); did you mean 'I2C_TRISE_TRISE_Pos'?
   43 |         I2C1->TRISE |= (17 << I2C-TRISE_TRISE_POS);
      |                                   ^~~~~~~~~~~~~~~
      |                                   I2C_TRISE_TRISE_Pos
../Src/i2c.c: In function 'I2C_SendSlaveAddres':
../Src/i2c.c:51:17: error: 'Slaveaddr' undeclared (first use in this function); did you mean 'slaveaddr'?
   51 |      I2C1->DR = Slaveaddr;
      |                 ^~~~~~~~~
      |                 slaveaddr
../Src/i2c.c:52:14: error: 'I2C1SR1' undeclared (first use in this function); did you mean 'I2C1'?
   52 |      while(!(I2C1SR1 & I2C_SR1_ADDR));
      |              ^~~~~~~
      |              I2C1
../Src/i2c.c: In function 'I2C_Restart':
../Src/i2c.c:73:9: warning: implicit declaration of function 'I2CStart'; did you mean 'I2C_Start'? [-Wimplicit-function-declaration]
   73 |         I2CStart();
      |         ^~~~~~~~
      |         I2C_Start
../Src/i2c.c: In function 'I2C_RecvDataAck':
../Src/i2c.c:83:16: warning: 'return' with a value, in function returning void [-Wreturn-type]
   83 |         return val;
      |                ^~~
../Src/i2c.c:77:6: note: declared here
   77 | void I2C_RecvDataAck()
      |      ^~~~~~~~~~~~~~~
../Src/i2c.c: At top level:
../Src/i2c.c:98:6: warning: conflicting types for 'I2CStart'; have 'void()'
   98 | void I2CStart()
      |      ^~~~~~~~
../Src/i2c.c:73:9: note: previous implicit declaration of 'I2CStart' with type 'void()'
   73 |         I2CStart();
      |         ^~~~~~~~
../Src/i2c.c: In function 'I2C_SendSlaveAddres':
../Src/i2c.c:56:1: warning: control reaches end of non-void function [-Wreturn-type]
   56 | }
      | ^
../Src/i2c.c: In function 'I2C_SendData':
../Src/i2c.c:63:1: warning: control reaches end of non-void function [-Wreturn-type]
   63 | }
      | ^
make: *** [Src/subdir.mk:37: Src/i2c.o] Error 1
"make -j8 all" terminated with exit code 2. Build might be incomplete.
18:23:17 **** Incremental Build of configuration Debug for project Day9_1 ****
make -j8 all 
arm-none-eabi-size  Day9_1.elf 
   text	   data	    bss	    dec	    hex	filename
   4708	     84	   1900	   6692	   1a24	Day9_1.elf
Finished building: default.size.stdout
 
18:31:31 **** Incremental Build of configuration Debug for project Day03_1 ****
make -j8 all 
arm-none-eabi-gcc "../Src/led.c" -mcpu=cortex-m4 -std=gnu11 -g3 -DDEBUG -DSTM32 -DSTM32F407G_DISC1 -DSTM32F4 -DSTM32F407VGTx -c -I../Inc -O0 -ffunction-sections -fdata-sections -Wall -fstack-usage -fcyclomatic-complexity -MMD -MP -MF"Src/led.d" -MT"Src/led.o" --specs=nano.specs -mfpu=fpv4-sp-d16 -mfloat-abi=hard -mthumb -o "Src/led.o"
In file included from ../Src/led.c:9:
../Src/led.c: In function 'LedOn':
../Src/led.c:27:29: error: 'p' undeclared (first use in this function)
   27 |         LED_GPIO->ODR |= BV(p              in);
      |                             ^
../Inc/stm32f4xx.h:228:26: note: in definition of macro 'BV'
  228 | #define BV(n)     (1 << (n))
      |                          ^
../Src/led.c:27:29: note: each undeclared identifier is reported only once for each function it appears in
   27 |         LED_GPIO->ODR |= BV(p              in);
      |                             ^
../Inc/stm32f4xx.h:228:26: note: in definition of macro 'BV'
  228 | #define BV(n)     (1 << (n))
      |                          ^
../Src/led.c:27:44: error: expected ')' before 'in'
   27 |         LED_GPIO->ODR |= BV(p              in);
      |                                            ^~
../Inc/stm32f4xx.h:228:26: note: in definition of macro 'BV'
  228 | #define BV(n)     (1 << (n))
      |                          ^
../Inc/stm32f4xx.h:228:25: note: to match this '('
  228 | #define BV(n)     (1 << (n))
      |                         ^
../Src/led.c:27:26: note: in expansion of macro 'BV'
   27 |         LED_GPIO->ODR |= BV(p              in);
      |                          ^~
make: *** [Src/subdir.mk:34: Src/led.o] Error 1
"make -j8 all" terminated with exit code 2. Build might be incomplete.
18:31:31 **** Incremental Build of configuration Debug for project Day03_2 ****
make -j8 all 
arm-none-eabi-size  Day03_2.elf 
   text	   data	    bss	    dec	    hex	filename
   1196	      4	   1564	   2764	    acc	Day03_2.elf
Finished building: default.size.stdout
 
18:31:31 **** Incremental Build of configuration Debug for project Day04_1 ****
make -j8 all 
arm-none-eabi-size  Day04_1.elf 
   text	   data	    bss	    dec	    hex	filename
   1540	      4	   1564	   3108	    c24	Day04_1.elf
Finished building: default.size.stdout
 
18:31:31 **** Incremental Build of configuration Debug for project Day7_1 ****
make -j8 all 
arm-none-eabi-size  Day7_1.elf 
   text	   data	    bss	    dec	    hex	filename
   4064	     80	   1904	   6048	   17a0	Day7_1.elf
Finished building: default.size.stdout
 
18:31:31 **** Incremental Build of configuration Debug for project Day8_1 ****
make -j8 all 
arm-none-eabi-gcc "../Src/i2c.c" -mcpu=cortex-m4 -std=gnu11 -g3 -DDEBUG -DSTM32 -DSTM32F407G_DISC1 -DSTM32F4 -DSTM32F407VGTx -c -I../Inc -O0 -ffunction-sections -fdata-sections -Wall -fstack-usage -fcyclomatic-complexity -MMD -MP -MF"Src/i2c.d" -MT"Src/i2c.o" --specs=nano.specs -mfpu=fpv4-sp-d16 -mfloat-abi=hard -mthumb -o "Src/i2c.o"
../Src/i2c.c: In function 'I2C_Init':
../Src/i2c.c:21:33: error: 'I2C1_SDA' undeclared (first use in this function); did you mean 'I2C2_SDA'?
   21 |         GPIOB->MODER &= ~(3U << I2C1_SDA*2);
      |                                 ^~~~~~~~
      |                                 I2C2_SDA
../Src/i2c.c:21:33: note: each undeclared identifier is reported only once for each function it appears in
../Src/i2c.c:23:9: error: 'GPIO' undeclared (first use in this function); did you mean 'GPIOF'?
   23 |         GPIO->OTYPER |= (1U << I2C1_SDA);
      |         ^~~~
      |         GPIOF
../Src/i2c.c:38:28: error: 'I2C_CR1_ACK_POs' undeclared (first use in this function); did you mean 'I2C_CR1_ACK_Pos'?
   38 |         I2C1->CR1 |= (1 << I2C_CR1_ACK_POs);
      |                            ^~~~~~~~~~~~~~~
      |                            I2C_CR1_ACK_Pos
../Src/i2c.c:41:29: error: 'I2C_CCR_Pos' undeclared (first use in this function); did you mean 'I2C_CCR_FS'?
   41 |         I2C1->CCR |= (80 << I2C_CCR_Pos);
      |                             ^~~~~~~~~~~
      |                             I2C_CCR_FS
../Src/i2c.c:43:31: error: 'I2C' undeclared (first use in this function); did you mean 'I2C1'?
   43 |         I2C1->TRISE |= (17 << I2C-TRISE_TRISE_POS);
      |                               ^~~
      |                               I2C1
../Src/i2c.c:43:35: error: 'TRISE_TRISE_POS' undeclared (first use in this function); did you mean 'I2C_TRISE_TRISE_Pos'?
   43 |         I2C1->TRISE |= (17 << I2C-TRISE_TRISE_POS);
      |                                   ^~~~~~~~~~~~~~~
      |                                   I2C_TRISE_TRISE_Pos
../Src/i2c.c: In function 'I2C_SendSlaveAddres':
../Src/i2c.c:51:17: error: 'Slaveaddr' undeclared (first use in this function); did you mean 'slaveaddr'?
   51 |      I2C1->DR = Slaveaddr;
      |                 ^~~~~~~~~
      |                 slaveaddr
../Src/i2c.c:52:14: error: 'I2C1SR1' undeclared (first use in this function); did you mean 'I2C1'?
   52 |      while(!(I2C1SR1 & I2C_SR1_ADDR));
      |              ^~~~~~~
      |              I2C1
../Src/i2c.c: In function 'I2C_Restart':
../Src/i2c.c:73:9: warning: implicit declaration of function 'I2CStart'; did you mean 'I2C_Start'? [-Wimplicit-function-declaration]
   73 |         I2CStart();
      |         ^~~~~~~~
      |         I2C_Start
../Src/i2c.c: In function 'I2C_RecvDataAck':
../Src/i2c.c:83:16: warning: 'return' with a value, in function returning void [-Wreturn-type]
   83 |         return val;
      |                ^~~
../Src/i2c.c:77:6: note: declared here
   77 | void I2C_RecvDataAck()
      |      ^~~~~~~~~~~~~~~
../Src/i2c.c: At top level:
../Src/i2c.c:98:6: warning: conflicting types for 'I2CStart'; have 'void()'
   98 | void I2CStart()
      |      ^~~~~~~~
../Src/i2c.c:73:9: note: previous implicit declaration of 'I2CStart' with type 'void()'
   73 |         I2CStart();
      |         ^~~~~~~~
../Src/i2c.c: In function 'I2C_SendSlaveAddres':
../Src/i2c.c:56:1: warning: control reaches end of non-void function [-Wreturn-type]
   56 | }
      | ^
../Src/i2c.c: In function 'I2C_SendData':
../Src/i2c.c:63:1: warning: control reaches end of non-void function [-Wreturn-type]
   63 | }
      | ^
make: *** [Src/subdir.mk:37: Src/i2c.o] Error 1
"make -j8 all" terminated with exit code 2. Build might be incomplete.
18:31:32 **** Incremental Build of configuration Debug for project Day9_1 ****
make -j8 all 
arm-none-eabi-size  Day9_1.elf 
   text	   data	    bss	    dec	    hex	filename
   4708	     84	   1900	   6692	   1a24	Day9_1.elf
Finished building: default.size.stdout
 
18:32:22 **** Incremental Build of configuration Debug for project Day9_1 ****
make -j8 all 
arm-none-eabi-size  Day9_1.elf 
   text	   data	    bss	    dec	    hex	filename
   4708	     84	   1900	   6692	   1a24	Day9_1.elf
Finished building: default.size.stdout
 
18:36:11 **** Build of configuration Debug for project demo11_spi_accel ****
make -j8 all 
arm-none-eabi-gcc -mcpu=cortex-m4 -g3 -DDEBUG -c -x assembler-with-cpp -MMD -MP -MF"Startup/startup_stm32f407vgtx.d" -MT"Startup/startup_stm32f407vgtx.o" --specs=nano.specs -mfpu=fpv4-sp-d16 -mfloat-abi=soft -mthumb -o "Startup/startup_stm32f407vgtx.o" "../Startup/startup_stm32f407vgtx.s"
arm-none-eabi-gcc "../Src/itm.c" -mcpu=cortex-m4 -std=gnu11 -g3 -DDEBUG -DSTM32 -DSTM32F407G_DISC1 -DSTM32F4 -DSTM32F407VGTx -c -I../Inc -O0 -ffunction-sections -fdata-sections -Wall -fstack-usage -fcyclomatic-complexity -MMD -MP -MF"Src/itm.d" -MT"Src/itm.o" --specs=nano.specs -mfpu=fpv4-sp-d16 -mfloat-abi=soft -mthumb -o "Src/itm.o"
arm-none-eabi-gcc "../Src/lis3dsh.c" -mcpu=cortex-m4 -std=gnu11 -g3 -DDEBUG -DSTM32 -DSTM32F407G_DISC1 -DSTM32F4 -DSTM32F407VGTx -c -I../Inc -O0 -ffunction-sections -fdata-sections -Wall -fstack-usage -fcyclomatic-complexity -MMD -MP -MF"Src/lis3dsh.d" -MT"Src/lis3dsh.o" --specs=nano.specs -mfpu=fpv4-sp-d16 -mfloat-abi=soft -mthumb -o "Src/lis3dsh.o"
arm-none-eabi-gcc "../Src/main.c" -mcpu=cortex-m4 -std=gnu11 -g3 -DDEBUG -DSTM32 -DSTM32F407G_DISC1 -DSTM32F4 -DSTM32F407VGTx -c -I../Inc -O0 -ffunction-sections -fdata-sections -Wall -fstack-usage -fcyclomatic-complexity -MMD -MP -MF"Src/main.d" -MT"Src/main.o" --specs=nano.specs -mfpu=fpv4-sp-d16 -mfloat-abi=soft -mthumb -o "Src/main.o"
arm-none-eabi-gcc "../Src/spi.c" -mcpu=cortex-m4 -std=gnu11 -g3 -DDEBUG -DSTM32 -DSTM32F407G_DISC1 -DSTM32F4 -DSTM32F407VGTx -c -I../Inc -O0 -ffunction-sections -fdata-sections -Wall -fstack-usage -fcyclomatic-complexity -MMD -MP -MF"Src/spi.d" -MT"Src/spi.o" --specs=nano.specs -mfpu=fpv4-sp-d16 -mfloat-abi=soft -mthumb -o "Src/spi.o"
arm-none-eabi-gcc "../Src/syscalls.c" -mcpu=cortex-m4 -std=gnu11 -g3 -DDEBUG -DSTM32 -DSTM32F407G_DISC1 -DSTM32F4 -DSTM32F407VGTx -c -I../Inc -O0 -ffunction-sections -fdata-sections -Wall -fstack-usage -fcyclomatic-complexity -MMD -MP -MF"Src/syscalls.d" -MT"Src/syscalls.o" --specs=nano.specs -mfpu=fpv4-sp-d16 -mfloat-abi=soft -mthumb -o "Src/syscalls.o"
arm-none-eabi-gcc "../Src/sysmem.c" -mcpu=cortex-m4 -std=gnu11 -g3 -DDEBUG -DSTM32 -DSTM32F407G_DISC1 -DSTM32F4 -DSTM32F407VGTx -c -I../Inc -O0 -ffunction-sections -fdata-sections -Wall -fstack-usage -fcyclomatic-complexity -MMD -MP -MF"Src/sysmem.d" -MT"Src/sysmem.o" --specs=nano.specs -mfpu=fpv4-sp-d16 -mfloat-abi=soft -mthumb -o "Src/sysmem.o"
arm-none-eabi-gcc "../Src/system_stm32f4xx.c" -mcpu=cortex-m4 -std=gnu11 -g3 -DDEBUG -DSTM32 -DSTM32F407G_DISC1 -DSTM32F4 -DSTM32F407VGTx -c -I../Inc -O0 -ffunction-sections -fdata-sections -Wall -fstack-usage -fcyclomatic-complexity -MMD -MP -MF"Src/system_stm32f4xx.d" -MT"Src/system_stm32f4xx.o" --specs=nano.specs -mfpu=fpv4-sp-d16 -mfloat-abi=soft -mthumb -o "Src/system_stm32f4xx.o"
arm-none-eabi-gcc "../Src/uart.c" -mcpu=cortex-m4 -std=gnu11 -g3 -DDEBUG -DSTM32 -DSTM32F407G_DISC1 -DSTM32F4 -DSTM32F407VGTx -c -I../Inc -O0 -ffunction-sections -fdata-sections -Wall -fstack-usage -fcyclomatic-complexity -MMD -MP -MF"Src/uart.d" -MT"Src/uart.o" --specs=nano.specs -mfpu=fpv4-sp-d16 -mfloat-abi=soft -mthumb -o "Src/uart.o"
arm-none-eabi-gcc -o "demo11_spi_accel.elf" @"objects.list"   -mcpu=cortex-m4 -T"/home/parag/Desktop/Git data/mcpi/day09/demo11_spi_accel/STM32F407VGTX_FLASH.ld" --specs=nosys.specs -Wl,-Map="demo11_spi_accel.map" -Wl,--gc-sections -static --specs=nano.specs -mfpu=fpv4-sp-d16 -mfloat-abi=soft -mthumb -Wl,--start-group -lc -lm -Wl,--end-group
Finished building target: demo11_spi_accel.elf
 
arm-none-eabi-size  demo11_spi_accel.elf 
arm-none-eabi-objdump -h -S demo11_spi_accel.elf  > "demo11_spi_accel.list"
   text	   data	    bss	    dec	    hex	filename
   4796	     84	   1900	   6780	   1a7c	demo11_spi_accel.elf
Finished building: default.size.stdout
 
Finished building: demo11_spi_accel.list
 
18:36:29 **** Incremental Build of configuration Debug for project demo11_spi_accel ****
make -j8 all 
arm-none-eabi-size  demo11_spi_accel.elf 
   text	   data	    bss	    dec	    hex	filename
   4796	     84	   1900	   6780	   1a7c	demo11_spi_accel.elf
Finished building: default.size.stdout
 
